2026-03-19 16:18:05 [TestNG-tests-1] INFO  io.github.bonigarcia.wdm.WebDriverManager - Using chromedriver 146.0.7680.153 (resolved driver for Chrome 146)
2026-03-19 16:18:06 [TestNG-tests-1] INFO  io.github.bonigarcia.wdm.online.Downloader - Downloading https://storage.googleapis.com/chrome-for-testing-public/146.0.7680.153/win64/chromedriver-win64.zip
2026-03-19 16:18:11 [TestNG-tests-1] INFO  io.github.bonigarcia.wdm.online.Downloader - Extracting driver from compressed file chromedriver-win64.zip
2026-03-19 16:18:50 [TestNG-tests-1] INFO  io.github.bonigarcia.wdm.WebDriverManager - Using chromedriver 146.0.7680.153 (resolved driver for Chrome 146)
2026-03-19 16:18:51 [TestNG-tests-1] INFO  io.github.bonigarcia.wdm.online.Downloader - Downloading https://storage.googleapis.com/chrome-for-testing-public/146.0.7680.153/win64/chromedriver-win64.zip
2026-03-19 16:18:53 [TestNG-tests-1] INFO  io.github.bonigarcia.wdm.online.Downloader - Extracting driver from compressed file chromedriver-win64.zip
2026-03-19 16:18:54 [TestNG-tests-1] INFO  io.github.bonigarcia.wdm.WebDriverManager - Exporting webdriver.chrome.driver as C:\Users\DELL\.cache\selenium\chromedriver\win64\146.0.7680.153\chromedriver.exe
2026-03-19 16:19:46 [TestNG-tests-1] INFO  io.github.bonigarcia.wdm.WebDriverManager - Using chromedriver 146.0.7680.153 (resolved driver for Chrome 146)
2026-03-19 16:19:46 [TestNG-tests-1] INFO  io.github.bonigarcia.wdm.WebDriverManager - Exporting webdriver.chrome.driver as C:\Users\DELL\.cache\selenium\chromedriver\win64\146.0.7680.153\chromedriver.exe
2026-03-19 16:21:09 [TestNG-tests-1] INFO  io.github.bonigarcia.wdm.WebDriverManager - Using chromedriver 146.0.7680.153 (resolved driver for Chrome 146)
2026-03-19 16:21:09 [TestNG-tests-1] INFO  io.github.bonigarcia.wdm.WebDriverManager - Exporting webdriver.chrome.driver as C:\Users\DELL\.cache\selenium\chromedriver\win64\146.0.7680.153\chromedriver.exe
2026-03-19 16:21:15 [TestNG-tests-1] INFO  io.github.bonigarcia.wdm.WebDriverManager - Using chromedriver 146.0.7680.153 (resolved driver for Chrome 146)
2026-03-19 16:21:15 [TestNG-tests-1] INFO  io.github.bonigarcia.wdm.WebDriverManager - Exporting webdriver.chrome.driver as C:\Users\DELL\.cache\selenium\chromedriver\win64\146.0.7680.153\chromedriver.exe
2026-03-19 17:51:58 [TestNG-tests-1] INFO  tests.RegisterTest - ....Starting RegisterTest....
2026-03-19 17:51:58 [TestNG-tests-2] INFO  tests.RegisterTest - ....Starting RegisterTest....
2026-03-19 17:51:59 [TestNG-tests-1] INFO  tests.RegisterTest - ...Clicked on My Account option...
2026-03-19 17:51:59 [TestNG-tests-2] INFO  tests.RegisterTest - ...Clicked on My Account option...
2026-03-19 17:52:00 [TestNG-tests-1] INFO  tests.RegisterTest - ...Clicked on Register option...
2026-03-19 17:52:00 [TestNG-tests-1] INFO  tests.RegisterTest - ...Providing customer details...
2026-03-19 17:52:00 [TestNG-tests-2] INFO  tests.RegisterTest - ...Clicked on Register option...
2026-03-19 17:52:00 [TestNG-tests-2] INFO  tests.RegisterTest - ...Providing customer details...
2026-03-19 17:52:03 [TestNG-tests-2] INFO  tests.RegisterTest - ...Validating the title of page...
2026-03-19 17:52:06 [TestNG-tests-2] INFO  tests.RegisterTest - ....Starting RegisterTest....
2026-03-19 17:52:06 [TestNG-tests-2] INFO  tests.RegisterTest - ...Clicked on My Account option...
2026-03-19 17:52:06 [TestNG-tests-2] INFO  tests.RegisterTest - ...Clicked on Register option...
2026-03-19 17:52:06 [TestNG-tests-2] INFO  tests.RegisterTest - ...Providing customer details...
2026-03-19 17:52:12 [TestNG-tests-2] INFO  tests.RegisterTest - ...Validating the title of page...
2026-03-19 17:52:15 [TestNG-tests-1] INFO  tests.RegisterTest - ...Validating the title of page...
2026-03-19 17:52:17 [TestNG-tests-1] INFO  tests.RegisterTest - ....Starting RegisterTest....
2026-03-19 17:52:17 [TestNG-tests-1] INFO  tests.RegisterTest - ...Clicked on My Account option...
2026-03-19 17:52:18 [TestNG-tests-1] INFO  tests.RegisterTest - ...Clicked on Register option...
2026-03-19 17:52:18 [TestNG-tests-1] INFO  tests.RegisterTest - ...Providing customer details...
2026-03-19 17:52:33 [TestNG-tests-1] INFO  tests.RegisterTest - ...Validating the title of page...
2026-03-19 18:19:31 [TestNG-tests-1] INFO  tests.RegisterTest - ....Starting RegisterTest....
2026-03-19 18:19:31 [TestNG-tests-2] INFO  tests.RegisterTest - ....Starting RegisterTest....
2026-03-19 18:19:31 [TestNG-tests-1] INFO  tests.RegisterTest - ...Clicked on My Account option...
2026-03-19 18:19:31 [TestNG-tests-2] INFO  tests.RegisterTest - ...Clicked on My Account option...
2026-03-19 18:19:32 [TestNG-tests-1] INFO  tests.RegisterTest - ...Clicked on Register option...
2026-03-19 18:19:32 [TestNG-tests-2] INFO  tests.RegisterTest - ...Clicked on Register option...
2026-03-19 18:19:32 [TestNG-tests-2] INFO  tests.RegisterTest - ...Providing customer details...
2026-03-19 18:19:32 [TestNG-tests-1] INFO  tests.RegisterTest - ...Providing customer details...
2026-03-19 18:19:46 [TestNG-tests-1] INFO  tests.RegisterTest - ...Validating the title of page...
2026-03-19 18:19:46 [TestNG-tests-2] INFO  tests.RegisterTest - ...Validating the title of page...
2026-03-19 18:19:48 [TestNG-tests-1] INFO  tests.RegisterTest - ....Starting RegisterTest....
2026-03-19 18:19:48 [TestNG-tests-2] INFO  tests.RegisterTest - ....Starting RegisterTest....
2026-03-19 18:19:48 [TestNG-tests-1] INFO  tests.RegisterTest - ...Clicked on My Account option...
2026-03-19 18:19:48 [TestNG-tests-2] INFO  tests.RegisterTest - ...Clicked on My Account option...
2026-03-19 18:19:49 [TestNG-tests-2] INFO  tests.RegisterTest - ...Clicked on Register option...
2026-03-19 18:19:49 [TestNG-tests-2] INFO  tests.RegisterTest - ...Providing customer details...
2026-03-19 18:19:49 [TestNG-tests-1] INFO  tests.RegisterTest - ...Clicked on Register option...
2026-03-19 18:19:49 [TestNG-tests-1] INFO  tests.RegisterTest - ...Providing customer details...
2026-03-19 18:20:03 [TestNG-tests-1] INFO  tests.RegisterTest - ...Validating the title of page...
2026-03-19 18:20:03 [TestNG-tests-2] INFO  tests.RegisterTest - ...Validating the title of page...
2026-03-19 18:20:03 [TestNG-tests-2] WARN  org.apache.poi.openxml4j.opc.OPCPackage - Unable to call close() on a package that hasn't been fully opened yet
2026-03-19 18:23:16 [TestNG-tests-1] INFO  tests.RegisterTest - ....Starting RegisterTest....
2026-03-19 18:23:16 [TestNG-tests-2] INFO  tests.RegisterTest - ....Starting RegisterTest....
2026-03-19 18:23:16 [TestNG-tests-2] INFO  tests.RegisterTest - ...Clicked on My Account option...
2026-03-19 18:23:16 [TestNG-tests-1] INFO  tests.RegisterTest - ...Clicked on My Account option...
2026-03-19 18:23:16 [TestNG-tests-2] INFO  tests.RegisterTest - ...Clicked on Register option...
2026-03-19 18:23:16 [TestNG-tests-2] INFO  tests.RegisterTest - ...Providing customer details...
2026-03-19 18:23:16 [TestNG-tests-1] INFO  tests.RegisterTest - ...Clicked on Register option...
2026-03-19 18:23:16 [TestNG-tests-1] INFO  tests.RegisterTest - ...Providing customer details...
2026-03-19 18:23:30 [TestNG-tests-2] INFO  tests.RegisterTest - ...Validating the title of page...
2026-03-19 18:23:30 [TestNG-tests-1] INFO  tests.RegisterTest - ...Validating the title of page...
2026-03-19 18:23:32 [TestNG-tests-1] INFO  tests.RegisterTest - ....Starting RegisterTest....
2026-03-19 18:23:32 [TestNG-tests-2] INFO  tests.RegisterTest - ....Starting RegisterTest....
2026-03-19 18:23:33 [TestNG-tests-2] INFO  tests.RegisterTest - ...Clicked on My Account option...
2026-03-19 18:23:33 [TestNG-tests-1] INFO  tests.RegisterTest - ...Clicked on My Account option...
2026-03-19 18:23:33 [TestNG-tests-1] INFO  tests.RegisterTest - ...Clicked on Register option...
2026-03-19 18:23:33 [TestNG-tests-1] INFO  tests.RegisterTest - ...Providing customer details...
2026-03-19 18:23:33 [TestNG-tests-2] INFO  tests.RegisterTest - ...Clicked on Register option...
2026-03-19 18:23:33 [TestNG-tests-2] INFO  tests.RegisterTest - ...Providing customer details...
2026-03-19 18:23:47 [TestNG-tests-2] INFO  tests.RegisterTest - ...Validating the title of page...
2026-03-19 18:23:47 [TestNG-tests-1] INFO  tests.RegisterTest - ...Validating the title of page...
