2026-03-11 11:20:01 [main] INFO  org.testng.internal.Utils - [TestNG] Running:
  D:\Testing\Workspace\javaWorkspace\seleniumTestNG\Selenium-TestNG-Project\testng.xml

2026-03-11 11:20:04 [TestNG-test-Test1-2] INFO  io.github.bonigarcia.wdm.WebDriverManager - Using chromedriver 145.0.7632.117 (resolved driver for Chrome 145)
2026-03-11 11:20:04 [TestNG-test-Test1-1] INFO  io.github.bonigarcia.wdm.WebDriverManager - Using chromedriver 145.0.7632.117 (resolved driver for Chrome 145)
2026-03-11 11:20:04 [TestNG-test-Test1-2] INFO  io.github.bonigarcia.wdm.WebDriverManager - Exporting webdriver.chrome.driver as C:\Users\DELL\.cache\selenium\chromedriver\win64\145.0.7632.117\chromedriver.exe
2026-03-11 11:20:04 [TestNG-test-Test1-1] INFO  io.github.bonigarcia.wdm.WebDriverManager - Exporting webdriver.chrome.driver as C:\Users\DELL\.cache\selenium\chromedriver\win64\145.0.7632.117\chromedriver.exe
2026-03-11 11:20:07 [TestNG-test-Test1-1] INFO  tests.RegisterTest - ....Starting RegisterTest....
2026-03-11 11:20:08 [TestNG-test-Test1-1] INFO  tests.RegisterTest - ...Clicked on My Account option...
2026-03-11 11:20:08 [TestNG-test-Test1-1] INFO  tests.RegisterTest - ...Clicked on Register option...
2026-03-11 11:20:08 [TestNG-test-Test1-1] INFO  tests.RegisterTest - ...Providing customer details...
2026-03-11 11:20:22 [TestNG-test-Test1-1] INFO  tests.RegisterTest - ...Validating the title of page...
2026-03-11 11:20:22 [TestNG-test-Test1-1] INFO  io.github.bonigarcia.wdm.WebDriverManager - Using chromedriver 145.0.7632.117 (resolved driver for Chrome 145)
2026-03-11 11:20:22 [TestNG-test-Test1-1] INFO  io.github.bonigarcia.wdm.WebDriverManager - Exporting webdriver.chrome.driver as C:\Users\DELL\.cache\selenium\chromedriver\win64\145.0.7632.117\chromedriver.exe
2026-03-11 11:20:24 [TestNG-test-Test1-1] INFO  tests.RegisterTest - ....Starting RegisterTest....
2026-03-11 11:20:24 [TestNG-test-Test1-1] INFO  tests.RegisterTest - ...Clicked on My Account option...
2026-03-11 11:20:24 [TestNG-test-Test1-1] INFO  tests.RegisterTest - ...Clicked on Register option...
2026-03-11 11:20:24 [TestNG-test-Test1-1] INFO  tests.RegisterTest - ...Providing customer details...
2026-03-11 11:20:37 [TestNG-test-Test1-1] INFO  tests.RegisterTest - ...Validating the title of page...
2026-03-11 11:20:53 [main] INFO  org.testng.internal.Utils - [TestNG] Running:
  D:\Testing\Workspace\javaWorkspace\seleniumTestNG\Selenium-TestNG-Project\testng.xml

2026-03-11 11:20:54 [TestNG-test-Test1-1] INFO  io.github.bonigarcia.wdm.WebDriverManager - Using chromedriver 145.0.7632.117 (resolved driver for Chrome 145)
2026-03-11 11:20:54 [TestNG-test-Test1-2] INFO  io.github.bonigarcia.wdm.WebDriverManager - Using chromedriver 145.0.7632.117 (resolved driver for Chrome 145)
2026-03-11 11:20:54 [TestNG-test-Test1-2] INFO  io.github.bonigarcia.wdm.WebDriverManager - Exporting webdriver.chrome.driver as C:\Users\DELL\.cache\selenium\chromedriver\win64\145.0.7632.117\chromedriver.exe
2026-03-11 11:20:54 [TestNG-test-Test1-1] INFO  io.github.bonigarcia.wdm.WebDriverManager - Exporting webdriver.chrome.driver as C:\Users\DELL\.cache\selenium\chromedriver\win64\145.0.7632.117\chromedriver.exe
2026-03-11 11:20:56 [TestNG-test-Test1-1] INFO  tests.RegisterTest - ....Starting RegisterTest....
2026-03-11 11:20:56 [TestNG-test-Test1-1] INFO  tests.RegisterTest - ...Clicked on My Account option...
2026-03-11 11:20:57 [TestNG-test-Test1-1] INFO  tests.RegisterTest - ...Clicked on Register option...
2026-03-11 11:20:57 [TestNG-test-Test1-1] INFO  tests.RegisterTest - ...Providing customer details...
2026-03-11 11:21:10 [TestNG-test-Test1-1] INFO  tests.RegisterTest - ...Validating the title of page...
2026-03-11 11:21:10 [TestNG-test-Test1-1] INFO  io.github.bonigarcia.wdm.WebDriverManager - Using chromedriver 145.0.7632.117 (resolved driver for Chrome 145)
2026-03-11 11:21:10 [TestNG-test-Test1-1] INFO  io.github.bonigarcia.wdm.WebDriverManager - Exporting webdriver.chrome.driver as C:\Users\DELL\.cache\selenium\chromedriver\win64\145.0.7632.117\chromedriver.exe
2026-03-11 11:21:12 [TestNG-test-Test1-1] INFO  tests.RegisterTest - ....Starting RegisterTest....
2026-03-11 11:21:12 [TestNG-test-Test1-1] INFO  tests.RegisterTest - ...Clicked on My Account option...
2026-03-11 11:21:12 [TestNG-test-Test1-1] INFO  tests.RegisterTest - ...Clicked on Register option...
2026-03-11 11:21:12 [TestNG-test-Test1-1] INFO  tests.RegisterTest - ...Providing customer details...
2026-03-11 11:21:26 [TestNG-test-Test1-1] INFO  tests.RegisterTest - ...Validating the title of page...
2026-03-11 11:28:31 [TestNG-test-Test1-1] INFO  io.github.bonigarcia.wdm.WebDriverManager - Using chromedriver 145.0.7632.117 (resolved driver for Chrome 145)
2026-03-11 11:28:31 [TestNG-test-Test1-2] INFO  io.github.bonigarcia.wdm.WebDriverManager - Using chromedriver 145.0.7632.117 (resolved driver for Chrome 145)
2026-03-11 11:28:31 [TestNG-test-Test1-2] INFO  io.github.bonigarcia.wdm.WebDriverManager - Exporting webdriver.chrome.driver as C:\Users\DELL\.cache\selenium\chromedriver\win64\145.0.7632.117\chromedriver.exe
2026-03-11 11:28:31 [TestNG-test-Test1-1] INFO  io.github.bonigarcia.wdm.WebDriverManager - Exporting webdriver.chrome.driver as C:\Users\DELL\.cache\selenium\chromedriver\win64\145.0.7632.117\chromedriver.exe
2026-03-11 11:28:34 [TestNG-test-Test1-1] INFO  tests.RegisterTest - ....Starting RegisterTest....
2026-03-11 11:28:34 [TestNG-test-Test1-1] INFO  tests.RegisterTest - ...Clicked on My Account option...
2026-03-11 11:28:35 [TestNG-test-Test1-1] INFO  tests.RegisterTest - ...Clicked on Register option...
2026-03-11 11:28:35 [TestNG-test-Test1-1] INFO  tests.RegisterTest - ...Providing customer details...
2026-03-11 11:28:49 [TestNG-test-Test1-1] INFO  tests.RegisterTest - ...Validating the title of page...
2026-03-11 11:28:49 [TestNG-test-Test1-1] INFO  io.github.bonigarcia.wdm.WebDriverManager - Using chromedriver 145.0.7632.117 (resolved driver for Chrome 145)
2026-03-11 11:28:49 [TestNG-test-Test1-1] INFO  io.github.bonigarcia.wdm.WebDriverManager - Exporting webdriver.chrome.driver as C:\Users\DELL\.cache\selenium\chromedriver\win64\145.0.7632.117\chromedriver.exe
2026-03-11 11:28:50 [TestNG-test-Test1-1] INFO  tests.RegisterTest - ....Starting RegisterTest....
2026-03-11 11:28:51 [TestNG-test-Test1-1] INFO  tests.RegisterTest - ...Clicked on My Account option...
2026-03-11 11:28:51 [TestNG-test-Test1-1] INFO  tests.RegisterTest - ...Clicked on Register option...
2026-03-11 11:28:51 [TestNG-test-Test1-1] INFO  tests.RegisterTest - ...Providing customer details...
2026-03-11 11:29:04 [TestNG-test-Test1-1] INFO  tests.RegisterTest - ...Validating the title of page...
2026-03-11 12:24:28 [main] INFO  org.testng.internal.Utils - [TestNG] Running:
  D:\Testing\Workspace\javaWorkspace\seleniumTestNG\Selenium-TestNG-Project\testng.xml

2026-03-11 12:26:42 [main] INFO  org.testng.internal.Utils - [TestNG] Running:
  D:\Testing\Workspace\javaWorkspace\seleniumTestNG\Selenium-TestNG-Project\testng.xml

2026-03-11 12:26:44 [TestNG-test-Test1-1] INFO  io.github.bonigarcia.wdm.WebDriverManager - Using chromedriver 145.0.7632.117 (resolved driver for Chrome 145)
2026-03-11 12:26:44 [TestNG-test-Test1-1] INFO  io.github.bonigarcia.wdm.WebDriverManager - Exporting webdriver.chrome.driver as C:\Users\DELL\.cache\selenium\chromedriver\win64\145.0.7632.117\chromedriver.exe
2026-03-11 12:26:49 [TestNG-test-Test1-1] INFO  io.github.bonigarcia.wdm.WebDriverManager - Using chromedriver 145.0.7632.117 (resolved driver for Chrome 145)
2026-03-11 12:26:49 [TestNG-test-Test1-1] INFO  io.github.bonigarcia.wdm.WebDriverManager - Exporting webdriver.chrome.driver as C:\Users\DELL\.cache\selenium\chromedriver\win64\145.0.7632.117\chromedriver.exe
2026-03-11 12:27:02 [TestNG-test-Test1-1] INFO  io.github.bonigarcia.wdm.WebDriverManager - Using chromedriver 145.0.7632.117 (resolved driver for Chrome 145)
2026-03-11 12:27:02 [TestNG-test-Test1-1] INFO  io.github.bonigarcia.wdm.WebDriverManager - Exporting webdriver.chrome.driver as C:\Users\DELL\.cache\selenium\chromedriver\win64\145.0.7632.117\chromedriver.exe
2026-03-11 12:27:06 [TestNG-test-Test1-1] INFO  io.github.bonigarcia.wdm.WebDriverManager - Using chromedriver 145.0.7632.117 (resolved driver for Chrome 145)
2026-03-11 12:27:06 [TestNG-test-Test1-1] INFO  io.github.bonigarcia.wdm.WebDriverManager - Exporting webdriver.chrome.driver as C:\Users\DELL\.cache\selenium\chromedriver\win64\145.0.7632.117\chromedriver.exe
2026-03-11 12:29:34 [main] INFO  org.testng.internal.Utils - [TestNG] Running:
  D:\Testing\Workspace\javaWorkspace\seleniumTestNG\Selenium-TestNG-Project\testng.xml

2026-03-11 12:29:35 [TestNG-test-Test1-1] INFO  io.github.bonigarcia.wdm.WebDriverManager - Using chromedriver 145.0.7632.117 (resolved driver for Chrome 145)
2026-03-11 12:29:35 [TestNG-test-Test1-1] INFO  io.github.bonigarcia.wdm.WebDriverManager - Exporting webdriver.chrome.driver as C:\Users\DELL\.cache\selenium\chromedriver\win64\145.0.7632.117\chromedriver.exe
2026-03-11 12:29:40 [TestNG-test-Test1-1] INFO  io.github.bonigarcia.wdm.WebDriverManager - Using chromedriver 145.0.7632.117 (resolved driver for Chrome 145)
2026-03-11 12:29:40 [TestNG-test-Test1-1] INFO  io.github.bonigarcia.wdm.WebDriverManager - Exporting webdriver.chrome.driver as C:\Users\DELL\.cache\selenium\chromedriver\win64\145.0.7632.117\chromedriver.exe
2026-03-11 12:29:53 [TestNG-test-Test1-1] INFO  io.github.bonigarcia.wdm.WebDriverManager - Using chromedriver 145.0.7632.117 (resolved driver for Chrome 145)
2026-03-11 12:29:53 [TestNG-test-Test1-1] INFO  io.github.bonigarcia.wdm.WebDriverManager - Exporting webdriver.chrome.driver as C:\Users\DELL\.cache\selenium\chromedriver\win64\145.0.7632.117\chromedriver.exe
2026-03-11 12:29:56 [TestNG-test-Test1-1] INFO  io.github.bonigarcia.wdm.WebDriverManager - Using chromedriver 145.0.7632.117 (resolved driver for Chrome 145)
2026-03-11 12:29:56 [TestNG-test-Test1-1] INFO  io.github.bonigarcia.wdm.WebDriverManager - Exporting webdriver.chrome.driver as C:\Users\DELL\.cache\selenium\chromedriver\win64\145.0.7632.117\chromedriver.exe
2026-03-11 18:57:06 [main] INFO  org.testng.internal.Utils - [TestNG] Running:
  D:\Testing\Workspace\javaWorkspace\seleniumTestNG\Selenium-TestNG-Project\testng.xml

2026-03-11 18:57:08 [TestNG-test-Test1-1] INFO  io.github.bonigarcia.wdm.WebDriverManager - Using chromedriver 145.0.7632.117 (resolved driver for Chrome 145)
2026-03-11 18:57:08 [TestNG-test-Test1-1] INFO  io.github.bonigarcia.wdm.WebDriverManager - Exporting webdriver.chrome.driver as C:\Users\DELL\.cache\selenium\chromedriver\win64\145.0.7632.117\chromedriver.exe
2026-03-11 19:03:29 [main] INFO  org.testng.internal.Utils - [TestNG] Running:
  D:\Testing\Workspace\javaWorkspace\seleniumTestNG\Selenium-TestNG-Project\testng.xml

2026-03-11 19:03:44 [main] INFO  org.testng.internal.Utils - [TestNG] Running:
  D:\Testing\Workspace\javaWorkspace\seleniumTestNG\Selenium-TestNG-Project\testng.xml

2026-03-11 19:04:14 [main] INFO  org.testng.internal.Utils - [TestNG] Running:
  D:\Testing\Workspace\javaWorkspace\seleniumTestNG\Selenium-TestNG-Project\testng.xml

2026-03-11 19:04:15 [TestNG-test-Test1-1] INFO  io.github.bonigarcia.wdm.WebDriverManager - Using chromedriver 145.0.7632.117 (resolved driver for Chrome 145)
2026-03-11 19:04:15 [TestNG-test-Test1-1] INFO  io.github.bonigarcia.wdm.WebDriverManager - Exporting webdriver.chrome.driver as C:\Users\DELL\.cache\selenium\chromedriver\win64\145.0.7632.117\chromedriver.exe
2026-03-11 19:06:11 [main] INFO  org.testng.internal.Utils - [TestNG] Running:
  D:\Testing\Workspace\javaWorkspace\seleniumTestNG\Selenium-TestNG-Project\testng.xml

2026-03-11 19:06:11 [TestNG-test-Test1-1] INFO  io.github.bonigarcia.wdm.WebDriverManager - Using chromedriver 145.0.7632.117 (resolved driver for Chrome 145)
2026-03-11 19:06:11 [TestNG-test-Test1-1] INFO  io.github.bonigarcia.wdm.WebDriverManager - Exporting webdriver.chrome.driver as C:\Users\DELL\.cache\selenium\chromedriver\win64\145.0.7632.117\chromedriver.exe
2026-03-11 19:12:05 [main] INFO  org.testng.internal.Utils - [TestNG] Running:
  D:\Testing\Workspace\javaWorkspace\seleniumTestNG\Selenium-TestNG-Project\testng.xml

2026-03-11 19:13:21 [main] INFO  org.testng.internal.Utils - [TestNG] Running:
  D:\Testing\Workspace\javaWorkspace\seleniumTestNG\Selenium-TestNG-Project\testng.xml

2026-03-11 19:13:22 [TestNG-test-Test1-1] INFO  io.github.bonigarcia.wdm.WebDriverManager - Using chromedriver 145.0.7632.117 (resolved driver for Chrome 145)
2026-03-11 19:13:22 [TestNG-test-Test1-1] INFO  io.github.bonigarcia.wdm.WebDriverManager - Exporting webdriver.chrome.driver as C:\Users\DELL\.cache\selenium\chromedriver\win64\145.0.7632.117\chromedriver.exe
2026-03-11 19:13:27 [TestNG-test-Test1-1] INFO  io.github.bonigarcia.wdm.WebDriverManager - Using chromedriver 145.0.7632.117 (resolved driver for Chrome 145)
2026-03-11 19:13:27 [TestNG-test-Test1-1] INFO  io.github.bonigarcia.wdm.WebDriverManager - Exporting webdriver.chrome.driver as C:\Users\DELL\.cache\selenium\chromedriver\win64\145.0.7632.117\chromedriver.exe
2026-03-11 19:13:40 [TestNG-test-Test1-1] INFO  io.github.bonigarcia.wdm.WebDriverManager - Using chromedriver 145.0.7632.117 (resolved driver for Chrome 145)
2026-03-11 19:13:40 [TestNG-test-Test1-1] INFO  io.github.bonigarcia.wdm.WebDriverManager - Exporting webdriver.chrome.driver as C:\Users\DELL\.cache\selenium\chromedriver\win64\145.0.7632.117\chromedriver.exe
2026-03-11 19:13:43 [TestNG-test-Test1-1] INFO  io.github.bonigarcia.wdm.WebDriverManager - Using chromedriver 145.0.7632.117 (resolved driver for Chrome 145)
2026-03-11 19:13:43 [TestNG-test-Test1-1] INFO  io.github.bonigarcia.wdm.WebDriverManager - Exporting webdriver.chrome.driver as C:\Users\DELL\.cache\selenium\chromedriver\win64\145.0.7632.117\chromedriver.exe
2026-03-11 19:16:33 [main] INFO  org.testng.internal.Utils - [TestNG] Running:
  D:\Testing\Workspace\javaWorkspace\seleniumTestNG\Selenium-TestNG-Project\testng.xml

2026-03-11 19:16:34 [TestNG-test-Test1-1] INFO  io.github.bonigarcia.wdm.WebDriverManager - Using chromedriver 145.0.7632.117 (resolved driver for Chrome 145)
2026-03-11 19:16:34 [TestNG-test-Test1-1] INFO  io.github.bonigarcia.wdm.WebDriverManager - Exporting webdriver.chrome.driver as C:\Users\DELL\.cache\selenium\chromedriver\win64\145.0.7632.117\chromedriver.exe
2026-03-11 19:16:39 [TestNG-test-Test1-1] INFO  io.github.bonigarcia.wdm.WebDriverManager - Using chromedriver 145.0.7632.117 (resolved driver for Chrome 145)
2026-03-11 19:16:39 [TestNG-test-Test1-1] INFO  io.github.bonigarcia.wdm.WebDriverManager - Exporting webdriver.chrome.driver as C:\Users\DELL\.cache\selenium\chromedriver\win64\145.0.7632.117\chromedriver.exe
2026-03-11 19:16:52 [TestNG-test-Test1-1] INFO  io.github.bonigarcia.wdm.WebDriverManager - Using chromedriver 145.0.7632.117 (resolved driver for Chrome 145)
2026-03-11 19:16:53 [TestNG-test-Test1-1] INFO  io.github.bonigarcia.wdm.WebDriverManager - Exporting webdriver.chrome.driver as C:\Users\DELL\.cache\selenium\chromedriver\win64\145.0.7632.117\chromedriver.exe
2026-03-11 19:16:56 [TestNG-test-Test1-1] INFO  io.github.bonigarcia.wdm.WebDriverManager - Using chromedriver 145.0.7632.117 (resolved driver for Chrome 145)
2026-03-11 19:16:56 [TestNG-test-Test1-1] INFO  io.github.bonigarcia.wdm.WebDriverManager - Exporting webdriver.chrome.driver as C:\Users\DELL\.cache\selenium\chromedriver\win64\145.0.7632.117\chromedriver.exe
2026-03-11 19:40:10 [main] INFO  org.testng.internal.Utils - [TestNG] Running:
  D:\Testing\Workspace\javaWorkspace\seleniumTestNG\Selenium-TestNG-Project\testng.xml

2026-03-11 19:40:11 [TestNG-test-Test1-1] INFO  io.github.bonigarcia.wdm.WebDriverManager - Using chromedriver 145.0.7632.117 (resolved driver for Chrome 145)
2026-03-11 19:40:11 [TestNG-test-Test1-1] INFO  io.github.bonigarcia.wdm.WebDriverManager - Exporting webdriver.chrome.driver as C:\Users\DELL\.cache\selenium\chromedriver\win64\145.0.7632.117\chromedriver.exe
2026-03-11 19:40:15 [TestNG-test-Test1-1] INFO  io.github.bonigarcia.wdm.WebDriverManager - Using chromedriver 145.0.7632.117 (resolved driver for Chrome 145)
2026-03-11 19:40:15 [TestNG-test-Test1-1] INFO  io.github.bonigarcia.wdm.WebDriverManager - Exporting webdriver.chrome.driver as C:\Users\DELL\.cache\selenium\chromedriver\win64\145.0.7632.117\chromedriver.exe
2026-03-11 19:40:29 [TestNG-test-Test1-1] INFO  io.github.bonigarcia.wdm.WebDriverManager - Using chromedriver 145.0.7632.117 (resolved driver for Chrome 145)
2026-03-11 19:40:29 [TestNG-test-Test1-1] INFO  io.github.bonigarcia.wdm.WebDriverManager - Exporting webdriver.chrome.driver as C:\Users\DELL\.cache\selenium\chromedriver\win64\145.0.7632.117\chromedriver.exe
2026-03-11 19:40:33 [TestNG-test-Test1-1] INFO  io.github.bonigarcia.wdm.WebDriverManager - Using chromedriver 145.0.7632.117 (resolved driver for Chrome 145)
2026-03-11 19:40:33 [TestNG-test-Test1-1] INFO  io.github.bonigarcia.wdm.WebDriverManager - Exporting webdriver.chrome.driver as C:\Users\DELL\.cache\selenium\chromedriver\win64\145.0.7632.117\chromedriver.exe
2026-03-11 19:55:37 [main] INFO  org.testng.internal.Utils - [TestNG] Running:
  D:\Testing\Workspace\javaWorkspace\seleniumTestNG\Selenium-TestNG-Project\testng.xml

2026-03-11 19:55:38 [TestNG-test-Test1-1] INFO  io.github.bonigarcia.wdm.WebDriverManager - Using chromedriver 145.0.7632.117 (resolved driver for Chrome 145)
2026-03-11 19:55:38 [TestNG-test-Test1-1] INFO  io.github.bonigarcia.wdm.WebDriverManager - Exporting webdriver.chrome.driver as C:\Users\DELL\.cache\selenium\chromedriver\win64\145.0.7632.117\chromedriver.exe
2026-03-11 19:55:43 [TestNG-test-Test1-1] INFO  io.github.bonigarcia.wdm.WebDriverManager - Using chromedriver 145.0.7632.117 (resolved driver for Chrome 145)
2026-03-11 19:55:43 [TestNG-test-Test1-1] INFO  io.github.bonigarcia.wdm.WebDriverManager - Exporting webdriver.chrome.driver as C:\Users\DELL\.cache\selenium\chromedriver\win64\145.0.7632.117\chromedriver.exe
2026-03-11 19:55:56 [TestNG-test-Test1-1] INFO  io.github.bonigarcia.wdm.WebDriverManager - Using chromedriver 145.0.7632.117 (resolved driver for Chrome 145)
2026-03-11 19:55:56 [TestNG-test-Test1-1] INFO  io.github.bonigarcia.wdm.WebDriverManager - Exporting webdriver.chrome.driver as C:\Users\DELL\.cache\selenium\chromedriver\win64\145.0.7632.117\chromedriver.exe
2026-03-11 19:56:00 [TestNG-test-Test1-1] INFO  io.github.bonigarcia.wdm.WebDriverManager - Using chromedriver 145.0.7632.117 (resolved driver for Chrome 145)
2026-03-11 19:56:00 [TestNG-test-Test1-1] INFO  io.github.bonigarcia.wdm.WebDriverManager - Exporting webdriver.chrome.driver as C:\Users\DELL\.cache\selenium\chromedriver\win64\145.0.7632.117\chromedriver.exe
2026-03-11 20:11:21 [main] INFO  org.testng.internal.Utils - [TestNG] Running:
  D:\Testing\Workspace\javaWorkspace\seleniumTestNG\Selenium-TestNG-Project\testng.xml

2026-03-11 20:11:22 [TestNG-test-Test1-1] INFO  io.github.bonigarcia.wdm.WebDriverManager - Using chromedriver 145.0.7632.117 (resolved driver for Chrome 145)
2026-03-11 20:11:22 [TestNG-test-Test1-1] INFO  io.github.bonigarcia.wdm.WebDriverManager - Exporting webdriver.chrome.driver as C:\Users\DELL\.cache\selenium\chromedriver\win64\145.0.7632.117\chromedriver.exe
2026-03-11 20:12:03 [main] INFO  org.testng.internal.Utils - [TestNG] Running:
  D:\Testing\Workspace\javaWorkspace\seleniumTestNG\Selenium-TestNG-Project\testng.xml

2026-03-11 20:12:03 [TestNG-test-Test1-1] INFO  io.github.bonigarcia.wdm.WebDriverManager - Using chromedriver 145.0.7632.117 (resolved driver for Chrome 145)
2026-03-11 20:12:04 [TestNG-test-Test1-1] INFO  io.github.bonigarcia.wdm.WebDriverManager - Exporting webdriver.chrome.driver as C:\Users\DELL\.cache\selenium\chromedriver\win64\145.0.7632.117\chromedriver.exe
2026-03-11 20:16:58 [main] INFO  org.testng.internal.Utils - [TestNG] Running:
  D:\Testing\Workspace\javaWorkspace\seleniumTestNG\Selenium-TestNG-Project\testng.xml

2026-03-11 20:16:59 [TestNG-test-Test1-1] INFO  io.github.bonigarcia.wdm.WebDriverManager - Using chromedriver 145.0.7632.117 (resolved driver for Chrome 145)
2026-03-11 20:16:59 [TestNG-test-Test1-1] INFO  io.github.bonigarcia.wdm.WebDriverManager - Exporting webdriver.chrome.driver as C:\Users\DELL\.cache\selenium\chromedriver\win64\145.0.7632.117\chromedriver.exe
2026-03-11 20:19:22 [main] INFO  org.testng.internal.Utils - [TestNG] Running:
  D:\Testing\Workspace\javaWorkspace\seleniumTestNG\Selenium-TestNG-Project\testng.xml

2026-03-11 20:19:22 [TestNG-test-Test1-1] INFO  io.github.bonigarcia.wdm.WebDriverManager - Using chromedriver 145.0.7632.117 (resolved driver for Chrome 145)
2026-03-11 20:19:22 [TestNG-test-Test1-1] INFO  io.github.bonigarcia.wdm.WebDriverManager - Exporting webdriver.chrome.driver as C:\Users\DELL\.cache\selenium\chromedriver\win64\145.0.7632.117\chromedriver.exe
2026-03-11 20:20:06 [main] INFO  org.testng.internal.Utils - [TestNG] Running:
  D:\Testing\Workspace\javaWorkspace\seleniumTestNG\Selenium-TestNG-Project\testng.xml

2026-03-11 20:20:06 [TestNG-test-Test1-1] INFO  io.github.bonigarcia.wdm.WebDriverManager - Using chromedriver 145.0.7632.117 (resolved driver for Chrome 145)
2026-03-11 20:20:06 [TestNG-test-Test1-1] INFO  io.github.bonigarcia.wdm.WebDriverManager - Exporting webdriver.chrome.driver as C:\Users\DELL\.cache\selenium\chromedriver\win64\145.0.7632.117\chromedriver.exe
2026-03-11 20:22:49 [main] INFO  org.testng.internal.Utils - [TestNG] Running:
  D:\Testing\Workspace\javaWorkspace\seleniumTestNG\Selenium-TestNG-Project\testng.xml

2026-03-11 20:22:49 [TestNG-test-Test1-1] INFO  io.github.bonigarcia.wdm.WebDriverManager - Using chromedriver 145.0.7632.117 (resolved driver for Chrome 145)
2026-03-11 20:22:49 [TestNG-test-Test1-1] INFO  io.github.bonigarcia.wdm.WebDriverManager - Exporting webdriver.chrome.driver as C:\Users\DELL\.cache\selenium\chromedriver\win64\145.0.7632.117\chromedriver.exe
2026-03-11 20:25:02 [main] INFO  org.testng.internal.Utils - [TestNG] Running:
  D:\Testing\Workspace\javaWorkspace\seleniumTestNG\Selenium-TestNG-Project\testng.xml

2026-03-11 20:25:02 [TestNG-test-Test1-1] INFO  io.github.bonigarcia.wdm.WebDriverManager - Using chromedriver 145.0.7632.117 (resolved driver for Chrome 145)
2026-03-11 20:25:02 [TestNG-test-Test1-1] INFO  io.github.bonigarcia.wdm.WebDriverManager - Exporting webdriver.chrome.driver as C:\Users\DELL\.cache\selenium\chromedriver\win64\145.0.7632.117\chromedriver.exe
2026-03-11 20:30:22 [main] INFO  org.testng.internal.Utils - [TestNG] Running:
  D:\Testing\Workspace\javaWorkspace\seleniumTestNG\Selenium-TestNG-Project\testng.xml

2026-03-11 20:30:22 [TestNG-test-Test1-1] INFO  io.github.bonigarcia.wdm.WebDriverManager - Using chromedriver 145.0.7632.117 (resolved driver for Chrome 145)
2026-03-11 20:30:22 [TestNG-test-Test1-1] INFO  io.github.bonigarcia.wdm.WebDriverManager - Exporting webdriver.chrome.driver as C:\Users\DELL\.cache\selenium\chromedriver\win64\145.0.7632.117\chromedriver.exe
2026-03-11 20:37:29 [main] INFO  org.testng.internal.Utils - [TestNG] Running:
  D:\Testing\Workspace\javaWorkspace\seleniumTestNG\Selenium-TestNG-Project\testng.xml

2026-03-11 20:37:30 [TestNG-test-Test1-1] INFO  io.github.bonigarcia.wdm.WebDriverManager - Using chromedriver 145.0.7632.117 (resolved driver for Chrome 145)
2026-03-11 20:37:30 [TestNG-test-Test1-1] INFO  io.github.bonigarcia.wdm.WebDriverManager - Exporting webdriver.chrome.driver as C:\Users\DELL\.cache\selenium\chromedriver\win64\145.0.7632.117\chromedriver.exe
2026-03-11 20:40:18 [main] INFO  org.testng.internal.Utils - [TestNG] Running:
  D:\Testing\Workspace\javaWorkspace\seleniumTestNG\Selenium-TestNG-Project\testng.xml

2026-03-11 20:40:18 [TestNG-test-Test1-1] INFO  io.github.bonigarcia.wdm.WebDriverManager - Using chromedriver 145.0.7632.117 (resolved driver for Chrome 145)
2026-03-11 20:40:18 [TestNG-test-Test1-1] INFO  io.github.bonigarcia.wdm.WebDriverManager - Exporting webdriver.chrome.driver as C:\Users\DELL\.cache\selenium\chromedriver\win64\145.0.7632.117\chromedriver.exe
2026-03-11 20:44:42 [main] INFO  org.testng.internal.Utils - [TestNG] Running:
  D:\Testing\Workspace\javaWorkspace\seleniumTestNG\Selenium-TestNG-Project\testng.xml

2026-03-11 20:44:42 [TestNG-test-Test1-1] INFO  io.github.bonigarcia.wdm.WebDriverManager - Using chromedriver 145.0.7632.117 (resolved driver for Chrome 145)
2026-03-11 20:44:42 [TestNG-test-Test1-1] INFO  io.github.bonigarcia.wdm.WebDriverManager - Exporting webdriver.chrome.driver as C:\Users\DELL\.cache\selenium\chromedriver\win64\145.0.7632.117\chromedriver.exe
2026-03-11 20:47:18 [main] INFO  org.testng.internal.Utils - [TestNG] Running:
  D:\Testing\Workspace\javaWorkspace\seleniumTestNG\Selenium-TestNG-Project\testng.xml

2026-03-11 20:47:18 [TestNG-test-Test1-1] INFO  io.github.bonigarcia.wdm.WebDriverManager - Using chromedriver 145.0.7632.117 (resolved driver for Chrome 145)
2026-03-11 20:47:18 [TestNG-test-Test1-1] INFO  io.github.bonigarcia.wdm.WebDriverManager - Exporting webdriver.chrome.driver as C:\Users\DELL\.cache\selenium\chromedriver\win64\145.0.7632.117\chromedriver.exe
2026-03-11 20:49:14 [main] INFO  org.testng.internal.Utils - [TestNG] Running:
  D:\Testing\Workspace\javaWorkspace\seleniumTestNG\Selenium-TestNG-Project\testng.xml

2026-03-11 20:49:15 [TestNG-test-Test1-1] INFO  io.github.bonigarcia.wdm.WebDriverManager - Using chromedriver 145.0.7632.117 (resolved driver for Chrome 145)
2026-03-11 20:49:15 [TestNG-test-Test1-1] INFO  io.github.bonigarcia.wdm.WebDriverManager - Exporting webdriver.chrome.driver as C:\Users\DELL\.cache\selenium\chromedriver\win64\145.0.7632.117\chromedriver.exe
2026-03-11 20:50:11 [main] INFO  org.testng.internal.Utils - [TestNG] Running:
  D:\Testing\Workspace\javaWorkspace\seleniumTestNG\Selenium-TestNG-Project\testng.xml

2026-03-11 20:50:11 [TestNG-test-Test1-1] INFO  io.github.bonigarcia.wdm.WebDriverManager - Using chromedriver 145.0.7632.117 (resolved driver for Chrome 145)
2026-03-11 20:50:11 [TestNG-test-Test1-1] INFO  io.github.bonigarcia.wdm.WebDriverManager - Exporting webdriver.chrome.driver as C:\Users\DELL\.cache\selenium\chromedriver\win64\145.0.7632.117\chromedriver.exe
2026-03-11 20:54:41 [main] INFO  org.testng.internal.Utils - [TestNG] Running:
  D:\Testing\Workspace\javaWorkspace\seleniumTestNG\Selenium-TestNG-Project\testng.xml

2026-03-11 20:54:42 [TestNG-test-Test1-1] INFO  io.github.bonigarcia.wdm.WebDriverManager - Using chromedriver 145.0.7632.117 (resolved driver for Chrome 145)
2026-03-11 20:54:42 [TestNG-test-Test1-1] INFO  io.github.bonigarcia.wdm.WebDriverManager - Exporting webdriver.chrome.driver as C:\Users\DELL\.cache\selenium\chromedriver\win64\145.0.7632.117\chromedriver.exe
2026-03-11 20:55:58 [main] INFO  org.testng.internal.Utils - [TestNG] Running:
  D:\Testing\Workspace\javaWorkspace\seleniumTestNG\Selenium-TestNG-Project\testng.xml

2026-03-11 20:55:58 [TestNG-test-Test1-1] INFO  io.github.bonigarcia.wdm.WebDriverManager - Using chromedriver 145.0.7632.117 (resolved driver for Chrome 145)
2026-03-11 20:55:58 [TestNG-test-Test1-1] INFO  io.github.bonigarcia.wdm.WebDriverManager - Exporting webdriver.chrome.driver as C:\Users\DELL\.cache\selenium\chromedriver\win64\145.0.7632.117\chromedriver.exe
2026-03-11 20:58:11 [main] INFO  org.testng.internal.Utils - [TestNG] Running:
  D:\Testing\Workspace\javaWorkspace\seleniumTestNG\Selenium-TestNG-Project\testng.xml

2026-03-11 20:58:11 [TestNG-test-Test1-1] INFO  io.github.bonigarcia.wdm.WebDriverManager - Using chromedriver 145.0.7632.117 (resolved driver for Chrome 145)
2026-03-11 20:58:11 [TestNG-test-Test1-1] INFO  io.github.bonigarcia.wdm.WebDriverManager - Exporting webdriver.chrome.driver as C:\Users\DELL\.cache\selenium\chromedriver\win64\145.0.7632.117\chromedriver.exe
2026-03-11 20:59:50 [main] INFO  org.testng.internal.Utils - [TestNG] Running:
  D:\Testing\Workspace\javaWorkspace\seleniumTestNG\Selenium-TestNG-Project\testng.xml

2026-03-11 20:59:50 [TestNG-test-Test1-1] INFO  io.github.bonigarcia.wdm.WebDriverManager - Using chromedriver 145.0.7632.117 (resolved driver for Chrome 145)
2026-03-11 20:59:50 [TestNG-test-Test1-1] INFO  io.github.bonigarcia.wdm.WebDriverManager - Exporting webdriver.chrome.driver as C:\Users\DELL\.cache\selenium\chromedriver\win64\145.0.7632.117\chromedriver.exe
2026-03-11 21:02:33 [main] INFO  org.testng.internal.Utils - [TestNG] Running:
  D:\Testing\Workspace\javaWorkspace\seleniumTestNG\Selenium-TestNG-Project\testng.xml

2026-03-11 21:02:34 [TestNG-test-Test1-1] INFO  io.github.bonigarcia.wdm.WebDriverManager - Using chromedriver 145.0.7632.117 (resolved driver for Chrome 145)
2026-03-11 21:02:34 [TestNG-test-Test1-1] INFO  io.github.bonigarcia.wdm.WebDriverManager - Exporting webdriver.chrome.driver as C:\Users\DELL\.cache\selenium\chromedriver\win64\145.0.7632.117\chromedriver.exe
2026-03-11 21:03:12 [main] INFO  org.testng.internal.Utils - [TestNG] Running:
  D:\Testing\Workspace\javaWorkspace\seleniumTestNG\Selenium-TestNG-Project\testng.xml

2026-03-11 21:03:13 [TestNG-test-Test1-1] INFO  io.github.bonigarcia.wdm.WebDriverManager - Using chromedriver 145.0.7632.117 (resolved driver for Chrome 145)
2026-03-11 21:03:13 [TestNG-test-Test1-1] INFO  io.github.bonigarcia.wdm.WebDriverManager - Exporting webdriver.chrome.driver as C:\Users\DELL\.cache\selenium\chromedriver\win64\145.0.7632.117\chromedriver.exe
2026-03-11 21:06:17 [main] INFO  org.testng.internal.Utils - [TestNG] Running:
  D:\Testing\Workspace\javaWorkspace\seleniumTestNG\Selenium-TestNG-Project\testng.xml

2026-03-11 21:06:18 [TestNG-test-Test1-1] INFO  io.github.bonigarcia.wdm.WebDriverManager - Using chromedriver 145.0.7632.117 (resolved driver for Chrome 145)
2026-03-11 21:06:18 [TestNG-test-Test1-1] INFO  io.github.bonigarcia.wdm.WebDriverManager - Exporting webdriver.chrome.driver as C:\Users\DELL\.cache\selenium\chromedriver\win64\145.0.7632.117\chromedriver.exe
2026-03-11 21:08:39 [main] INFO  org.testng.internal.Utils - [TestNG] Running:
  D:\Testing\Workspace\javaWorkspace\seleniumTestNG\Selenium-TestNG-Project\testng.xml

2026-03-11 21:08:39 [TestNG-test-Test1-1] INFO  io.github.bonigarcia.wdm.WebDriverManager - Using chromedriver 145.0.7632.117 (resolved driver for Chrome 145)
2026-03-11 21:08:40 [TestNG-test-Test1-1] INFO  io.github.bonigarcia.wdm.WebDriverManager - Exporting webdriver.chrome.driver as C:\Users\DELL\.cache\selenium\chromedriver\win64\145.0.7632.117\chromedriver.exe
2026-03-11 21:11:06 [main] INFO  org.testng.internal.Utils - [TestNG] Running:
  D:\Testing\Workspace\javaWorkspace\seleniumTestNG\Selenium-TestNG-Project\testng.xml

2026-03-11 21:11:07 [TestNG-test-Test1-1] INFO  io.github.bonigarcia.wdm.WebDriverManager - Using chromedriver 145.0.7632.117 (resolved driver for Chrome 145)
2026-03-11 21:11:07 [TestNG-test-Test1-1] INFO  io.github.bonigarcia.wdm.WebDriverManager - Exporting webdriver.chrome.driver as C:\Users\DELL\.cache\selenium\chromedriver\win64\145.0.7632.117\chromedriver.exe
2026-03-11 21:11:41 [main] INFO  org.testng.internal.Utils - [TestNG] Running:
  D:\Testing\Workspace\javaWorkspace\seleniumTestNG\Selenium-TestNG-Project\testng.xml

2026-03-11 21:11:42 [TestNG-test-Test1-1] INFO  io.github.bonigarcia.wdm.WebDriverManager - Using chromedriver 145.0.7632.117 (resolved driver for Chrome 145)
2026-03-11 21:11:42 [TestNG-test-Test1-1] INFO  io.github.bonigarcia.wdm.WebDriverManager - Exporting webdriver.chrome.driver as C:\Users\DELL\.cache\selenium\chromedriver\win64\145.0.7632.117\chromedriver.exe
2026-03-11 21:13:01 [main] INFO  org.testng.internal.Utils - [TestNG] Running:
  D:\Testing\Workspace\javaWorkspace\seleniumTestNG\Selenium-TestNG-Project\testng.xml

2026-03-11 21:13:02 [TestNG-test-Test1-1] INFO  io.github.bonigarcia.wdm.WebDriverManager - Using chromedriver 145.0.7632.117 (resolved driver for Chrome 145)
2026-03-11 21:13:02 [TestNG-test-Test1-1] INFO  io.github.bonigarcia.wdm.WebDriverManager - Exporting webdriver.chrome.driver as C:\Users\DELL\.cache\selenium\chromedriver\win64\145.0.7632.117\chromedriver.exe
2026-03-11 21:13:45 [main] INFO  org.testng.internal.Utils - [TestNG] Running:
  D:\Testing\Workspace\javaWorkspace\seleniumTestNG\Selenium-TestNG-Project\testng.xml

2026-03-11 21:13:46 [TestNG-test-Test1-1] INFO  io.github.bonigarcia.wdm.WebDriverManager - Using chromedriver 145.0.7632.117 (resolved driver for Chrome 145)
2026-03-11 21:13:46 [TestNG-test-Test1-1] INFO  io.github.bonigarcia.wdm.WebDriverManager - Exporting webdriver.chrome.driver as C:\Users\DELL\.cache\selenium\chromedriver\win64\145.0.7632.117\chromedriver.exe
2026-03-11 21:15:16 [main] INFO  org.testng.internal.Utils - [TestNG] Running:
  D:\Testing\Workspace\javaWorkspace\seleniumTestNG\Selenium-TestNG-Project\testng.xml

2026-03-11 21:15:17 [TestNG-test-Test1-1] INFO  io.github.bonigarcia.wdm.WebDriverManager - Using chromedriver 145.0.7632.117 (resolved driver for Chrome 145)
2026-03-11 21:15:17 [TestNG-test-Test1-1] INFO  io.github.bonigarcia.wdm.WebDriverManager - Exporting webdriver.chrome.driver as C:\Users\DELL\.cache\selenium\chromedriver\win64\145.0.7632.117\chromedriver.exe
