2026-03-10 18:13:02 [TestNG-tests-1] INFO  io.github.bonigarcia.wdm.WebDriverManager - Using chromedriver 145.0.7632.117 (resolved driver for Chrome 145)
2026-03-10 18:13:02 [TestNG-tests-1] INFO  io.github.bonigarcia.wdm.WebDriverManager - Exporting webdriver.chrome.driver as C:\Users\DELL\.cache\selenium\chromedriver\win64\145.0.7632.117\chromedriver.exe
2026-03-10 18:14:00 [TestNG-tests-1] INFO  io.github.bonigarcia.wdm.WebDriverManager - Using chromedriver 145.0.7632.117 (resolved driver for Chrome 145)
2026-03-10 18:14:00 [TestNG-tests-1] INFO  io.github.bonigarcia.wdm.WebDriverManager - Exporting webdriver.chrome.driver as C:\Users\DELL\.cache\selenium\chromedriver\win64\145.0.7632.117\chromedriver.exe
2026-03-10 18:14:03 [TestNG-tests-1] INFO  tests.RegisterTest - ....Starting RegisterTest....
2026-03-10 18:14:03 [TestNG-tests-2] INFO  tests.RegisterTest - ....Starting RegisterTest....
2026-03-10 18:14:03 [TestNG-tests-1] INFO  tests.RegisterTest - ...Clicked on My Account option...
2026-03-10 18:14:03 [TestNG-tests-2] INFO  tests.RegisterTest - ...Clicked on My Account option...
2026-03-10 18:14:04 [TestNG-tests-2] INFO  tests.RegisterTest - ...Clicked on Register option...
2026-03-10 18:14:04 [TestNG-tests-2] INFO  tests.RegisterTest - ...Providing customer details...
2026-03-10 18:14:04 [TestNG-tests-1] INFO  tests.RegisterTest - ...Clicked on Register option...
2026-03-10 18:14:04 [TestNG-tests-1] INFO  tests.RegisterTest - ...Providing customer details...
2026-03-10 18:14:15 [TestNG-tests-2] INFO  tests.RegisterTest - ...Validating the title of page...
2026-03-10 18:14:15 [TestNG-tests-1] INFO  tests.RegisterTest - ...Validating the title of page...
2026-03-10 18:14:16 [TestNG-tests-1] INFO  io.github.bonigarcia.wdm.WebDriverManager - Using chromedriver 145.0.7632.117 (resolved driver for Chrome 145)
2026-03-10 18:14:16 [TestNG-tests-1] INFO  io.github.bonigarcia.wdm.WebDriverManager - Exporting webdriver.chrome.driver as C:\Users\DELL\.cache\selenium\chromedriver\win64\145.0.7632.117\chromedriver.exe
2026-03-10 18:14:18 [TestNG-tests-1] INFO  tests.RegisterTest - ....Starting RegisterTest....
2026-03-10 18:14:18 [TestNG-tests-2] INFO  tests.RegisterTest - ....Starting RegisterTest....
2026-03-10 18:14:18 [TestNG-tests-1] INFO  tests.RegisterTest - ...Clicked on My Account option...
2026-03-10 18:14:18 [TestNG-tests-2] INFO  tests.RegisterTest - ...Clicked on My Account option...
2026-03-10 18:14:19 [TestNG-tests-2] INFO  tests.RegisterTest - ...Clicked on Register option...
2026-03-10 18:14:19 [TestNG-tests-1] INFO  tests.RegisterTest - ...Clicked on Register option...
2026-03-10 18:14:19 [TestNG-tests-1] INFO  tests.RegisterTest - ...Providing customer details...
2026-03-10 18:14:19 [TestNG-tests-2] INFO  tests.RegisterTest - ...Providing customer details...
2026-03-10 18:14:29 [TestNG-tests-2] INFO  tests.RegisterTest - ...Validating the title of page...
2026-03-10 18:14:29 [TestNG-tests-1] INFO  tests.RegisterTest - ...Validating the title of page...
2026-03-10 18:17:43 [TestNG-tests-1] INFO  io.github.bonigarcia.wdm.WebDriverManager - Using chromedriver 145.0.7632.117 (resolved driver for Chrome 145)
2026-03-10 18:17:43 [TestNG-tests-1] INFO  io.github.bonigarcia.wdm.WebDriverManager - Exporting webdriver.chrome.driver as C:\Users\DELL\.cache\selenium\chromedriver\win64\145.0.7632.117\chromedriver.exe
2026-03-10 18:17:45 [TestNG-tests-1] INFO  tests.RegisterTest - ....Starting RegisterTest....
2026-03-10 18:17:45 [TestNG-tests-2] INFO  tests.RegisterTest - ....Starting RegisterTest....
2026-03-10 18:17:45 [TestNG-tests-1] INFO  tests.RegisterTest - ...Clicked on My Account option...
2026-03-10 18:17:45 [TestNG-tests-2] INFO  tests.RegisterTest - ...Clicked on My Account option...
2026-03-10 18:17:46 [TestNG-tests-1] INFO  tests.RegisterTest - ...Clicked on Register option...
2026-03-10 18:17:46 [TestNG-tests-1] INFO  tests.RegisterTest - ...Providing customer details...
2026-03-10 18:17:46 [TestNG-tests-2] INFO  tests.RegisterTest - ...Clicked on Register option...
2026-03-10 18:17:46 [TestNG-tests-2] INFO  tests.RegisterTest - ...Providing customer details...
2026-03-10 18:17:48 [TestNG-tests-1] INFO  tests.RegisterTest - ...Validating the title of page...
2026-03-10 18:17:48 [TestNG-tests-1] INFO  io.github.bonigarcia.wdm.WebDriverManager - Using chromedriver 145.0.7632.117 (resolved driver for Chrome 145)
2026-03-10 18:17:48 [TestNG-tests-1] INFO  io.github.bonigarcia.wdm.WebDriverManager - Exporting webdriver.chrome.driver as C:\Users\DELL\.cache\selenium\chromedriver\win64\145.0.7632.117\chromedriver.exe
2026-03-10 18:17:49 [TestNG-tests-2] INFO  tests.RegisterTest - ...Validating the title of page...
2026-03-10 18:17:50 [TestNG-tests-1] INFO  tests.RegisterTest - ....Starting RegisterTest....
2026-03-10 18:17:51 [TestNG-tests-1] INFO  tests.RegisterTest - ...Clicked on My Account option...
2026-03-10 18:17:51 [TestNG-tests-2] INFO  tests.RegisterTest - ....Starting RegisterTest....
2026-03-10 18:17:51 [TestNG-tests-2] INFO  tests.RegisterTest - ...Clicked on My Account option...
2026-03-10 18:17:51 [TestNG-tests-1] INFO  tests.RegisterTest - ...Clicked on Register option...
2026-03-10 18:17:51 [TestNG-tests-1] INFO  tests.RegisterTest - ...Providing customer details...
2026-03-10 18:17:52 [TestNG-tests-2] INFO  tests.RegisterTest - ...Clicked on Register option...
2026-03-10 18:17:52 [TestNG-tests-2] INFO  tests.RegisterTest - ...Providing customer details...
2026-03-10 18:17:53 [TestNG-tests-1] ERROR tests.RegisterTest - Test Failed
2026-03-10 18:17:53 [TestNG-tests-2] ERROR tests.RegisterTest - Test Failed
2026-03-10 18:22:22 [TestNG-tests-1] INFO  io.github.bonigarcia.wdm.WebDriverManager - Using chromedriver 145.0.7632.117 (resolved driver for Chrome 145)
2026-03-10 18:22:22 [TestNG-tests-1] INFO  io.github.bonigarcia.wdm.WebDriverManager - Exporting webdriver.chrome.driver as C:\Users\DELL\.cache\selenium\chromedriver\win64\145.0.7632.117\chromedriver.exe
2026-03-10 18:22:25 [TestNG-tests-2] INFO  tests.RegisterTest - ....Starting RegisterTest....
2026-03-10 18:22:25 [TestNG-tests-1] INFO  tests.RegisterTest - ....Starting RegisterTest....
2026-03-10 18:22:25 [TestNG-tests-2] INFO  tests.RegisterTest - ...Clicked on My Account option...
2026-03-10 18:22:25 [TestNG-tests-1] INFO  tests.RegisterTest - ...Clicked on My Account option...
2026-03-10 18:22:26 [TestNG-tests-2] INFO  tests.RegisterTest - ...Clicked on Register option...
2026-03-10 18:22:26 [TestNG-tests-2] INFO  tests.RegisterTest - ...Providing customer details...
2026-03-10 18:22:26 [TestNG-tests-1] INFO  tests.RegisterTest - ...Clicked on Register option...
2026-03-10 18:22:26 [TestNG-tests-1] INFO  tests.RegisterTest - ...Providing customer details...
2026-03-10 18:22:27 [TestNG-tests-2] ERROR tests.RegisterTest - Test Failed
2026-03-10 18:22:28 [TestNG-tests-1] ERROR tests.RegisterTest - Test Failed
2026-03-10 18:22:28 [TestNG-tests-1] INFO  io.github.bonigarcia.wdm.WebDriverManager - Using chromedriver 145.0.7632.117 (resolved driver for Chrome 145)
2026-03-10 18:22:28 [TestNG-tests-1] INFO  io.github.bonigarcia.wdm.WebDriverManager - Exporting webdriver.chrome.driver as C:\Users\DELL\.cache\selenium\chromedriver\win64\145.0.7632.117\chromedriver.exe
2026-03-10 18:22:30 [TestNG-tests-1] INFO  tests.RegisterTest - ....Starting RegisterTest....
2026-03-10 18:22:30 [TestNG-tests-2] INFO  tests.RegisterTest - ....Starting RegisterTest....
2026-03-10 18:22:30 [TestNG-tests-1] INFO  tests.RegisterTest - ...Clicked on My Account option...
2026-03-10 18:22:31 [TestNG-tests-2] INFO  tests.RegisterTest - ...Clicked on My Account option...
2026-03-10 18:22:31 [TestNG-tests-1] INFO  tests.RegisterTest - ...Clicked on Register option...
2026-03-10 18:22:31 [TestNG-tests-1] INFO  tests.RegisterTest - ...Providing customer details...
2026-03-10 18:22:31 [TestNG-tests-2] INFO  tests.RegisterTest - ...Clicked on Register option...
2026-03-10 18:22:31 [TestNG-tests-2] INFO  tests.RegisterTest - ...Providing customer details...
2026-03-10 18:22:33 [TestNG-tests-1] ERROR tests.RegisterTest - Test Failed
2026-03-10 18:22:33 [TestNG-tests-2] ERROR tests.RegisterTest - Test Failed
2026-03-10 18:23:46 [TestNG-tests-1] INFO  io.github.bonigarcia.wdm.WebDriverManager - Using chromedriver 145.0.7632.117 (resolved driver for Chrome 145)
2026-03-10 18:23:46 [TestNG-tests-1] INFO  io.github.bonigarcia.wdm.WebDriverManager - Exporting webdriver.chrome.driver as C:\Users\DELL\.cache\selenium\chromedriver\win64\145.0.7632.117\chromedriver.exe
2026-03-10 18:23:48 [TestNG-tests-1] INFO  tests.RegisterTest - ....Starting RegisterTest....
2026-03-10 18:23:48 [TestNG-tests-1] INFO  tests.RegisterTest - ...Clicked on My Account option...
2026-03-10 18:23:48 [TestNG-tests-2] INFO  tests.RegisterTest - ....Starting RegisterTest....
2026-03-10 18:23:48 [TestNG-tests-2] INFO  tests.RegisterTest - ...Clicked on My Account option...
2026-03-10 18:23:49 [TestNG-tests-1] INFO  tests.RegisterTest - ...Clicked on Register option...
2026-03-10 18:23:49 [TestNG-tests-1] INFO  tests.RegisterTest - ...Providing customer details...
2026-03-10 18:23:49 [TestNG-tests-2] INFO  tests.RegisterTest - ...Clicked on Register option...
2026-03-10 18:23:49 [TestNG-tests-2] INFO  tests.RegisterTest - ...Providing customer details...
2026-03-10 18:23:51 [TestNG-tests-1] ERROR tests.RegisterTest - Test Failed
2026-03-10 18:23:51 [TestNG-tests-1] INFO  io.github.bonigarcia.wdm.WebDriverManager - Using chromedriver 145.0.7632.117 (resolved driver for Chrome 145)
2026-03-10 18:23:51 [TestNG-tests-1] INFO  io.github.bonigarcia.wdm.WebDriverManager - Exporting webdriver.chrome.driver as C:\Users\DELL\.cache\selenium\chromedriver\win64\145.0.7632.117\chromedriver.exe
2026-03-10 18:23:51 [TestNG-tests-2] ERROR tests.RegisterTest - Test Failed
2026-03-10 18:23:53 [TestNG-tests-1] INFO  tests.RegisterTest - ....Starting RegisterTest....
2026-03-10 18:23:53 [TestNG-tests-1] INFO  tests.RegisterTest - ...Clicked on My Account option...
2026-03-10 18:23:53 [TestNG-tests-2] INFO  tests.RegisterTest - ....Starting RegisterTest....
2026-03-10 18:23:53 [TestNG-tests-2] INFO  tests.RegisterTest - ...Clicked on My Account option...
2026-03-10 18:23:54 [TestNG-tests-1] INFO  tests.RegisterTest - ...Clicked on Register option...
2026-03-10 18:23:54 [TestNG-tests-1] INFO  tests.RegisterTest - ...Providing customer details...
2026-03-10 18:23:54 [TestNG-tests-2] INFO  tests.RegisterTest - ...Clicked on Register option...
2026-03-10 18:23:54 [TestNG-tests-2] INFO  tests.RegisterTest - ...Providing customer details...
2026-03-10 18:23:55 [TestNG-tests-1] ERROR tests.RegisterTest - Test Failed
2026-03-10 18:23:55 [TestNG-tests-2] ERROR tests.RegisterTest - Test Failed
2026-03-10 18:27:27 [TestNG-tests-1] INFO  io.github.bonigarcia.wdm.WebDriverManager - Using chromedriver 145.0.7632.117 (resolved driver for Chrome 145)
2026-03-10 18:27:27 [TestNG-tests-1] INFO  io.github.bonigarcia.wdm.WebDriverManager - Exporting webdriver.chrome.driver as C:\Users\DELL\.cache\selenium\chromedriver\win64\145.0.7632.117\chromedriver.exe
2026-03-10 18:27:29 [TestNG-tests-1] INFO  tests.RegisterTest - ....Starting RegisterTest....
2026-03-10 18:27:29 [TestNG-tests-2] INFO  tests.RegisterTest - ....Starting RegisterTest....
2026-03-10 18:27:29 [TestNG-tests-1] INFO  tests.RegisterTest - ...Clicked on My Account option...
2026-03-10 18:27:30 [TestNG-tests-2] INFO  tests.RegisterTest - ...Clicked on My Account option...
2026-03-10 18:27:30 [TestNG-tests-1] INFO  tests.RegisterTest - ...Clicked on Register option...
2026-03-10 18:27:30 [TestNG-tests-1] INFO  tests.RegisterTest - ...Providing customer details...
2026-03-10 18:27:30 [TestNG-tests-2] INFO  tests.RegisterTest - ...Clicked on Register option...
2026-03-10 18:27:30 [TestNG-tests-2] INFO  tests.RegisterTest - ...Providing customer details...
2026-03-10 18:27:32 [TestNG-tests-1] ERROR tests.RegisterTest - Test Failed
2026-03-10 18:27:32 [TestNG-tests-2] ERROR tests.RegisterTest - Test Failed
2026-03-10 18:27:32 [TestNG-tests-1] INFO  io.github.bonigarcia.wdm.WebDriverManager - Using chromedriver 145.0.7632.117 (resolved driver for Chrome 145)
2026-03-10 18:27:32 [TestNG-tests-1] INFO  io.github.bonigarcia.wdm.WebDriverManager - Exporting webdriver.chrome.driver as C:\Users\DELL\.cache\selenium\chromedriver\win64\145.0.7632.117\chromedriver.exe
2026-03-10 18:27:34 [TestNG-tests-1] INFO  tests.RegisterTest - ....Starting RegisterTest....
2026-03-10 18:27:34 [TestNG-tests-1] INFO  tests.RegisterTest - ...Clicked on My Account option...
2026-03-10 18:27:35 [TestNG-tests-2] INFO  tests.RegisterTest - ....Starting RegisterTest....
2026-03-10 18:27:35 [TestNG-tests-2] INFO  tests.RegisterTest - ...Clicked on My Account option...
2026-03-10 18:27:35 [TestNG-tests-1] INFO  tests.RegisterTest - ...Clicked on Register option...
2026-03-10 18:27:35 [TestNG-tests-1] INFO  tests.RegisterTest - ...Providing customer details...
2026-03-10 18:27:35 [TestNG-tests-2] INFO  tests.RegisterTest - ...Clicked on Register option...
2026-03-10 18:27:35 [TestNG-tests-2] INFO  tests.RegisterTest - ...Providing customer details...
2026-03-10 18:27:37 [TestNG-tests-1] ERROR tests.RegisterTest - Test Failed
2026-03-10 18:27:37 [TestNG-tests-2] ERROR tests.RegisterTest - Test Failed
2026-03-10 18:30:59 [TestNG-tests-1] INFO  io.github.bonigarcia.wdm.WebDriverManager - Using chromedriver 145.0.7632.117 (resolved driver for Chrome 145)
2026-03-10 18:30:59 [TestNG-tests-1] INFO  io.github.bonigarcia.wdm.WebDriverManager - Exporting webdriver.chrome.driver as C:\Users\DELL\.cache\selenium\chromedriver\win64\145.0.7632.117\chromedriver.exe
2026-03-10 18:31:01 [TestNG-tests-2] INFO  tests.RegisterTest - ....Starting RegisterTest....
2026-03-10 18:31:01 [TestNG-tests-1] INFO  tests.RegisterTest - ....Starting RegisterTest....
2026-03-10 18:31:01 [TestNG-tests-1] INFO  tests.RegisterTest - ...Clicked on My Account option...
2026-03-10 18:31:01 [TestNG-tests-2] INFO  tests.RegisterTest - ...Clicked on My Account option...
2026-03-10 18:31:02 [TestNG-tests-1] INFO  tests.RegisterTest - ...Clicked on Register option...
2026-03-10 18:31:02 [TestNG-tests-1] INFO  tests.RegisterTest - ...Providing customer details...
2026-03-10 18:31:02 [TestNG-tests-2] INFO  tests.RegisterTest - ...Clicked on Register option...
2026-03-10 18:31:02 [TestNG-tests-2] INFO  tests.RegisterTest - ...Providing customer details...
2026-03-10 18:31:04 [TestNG-tests-1] INFO  tests.RegisterTest - ...Validating the title of page...
2026-03-10 18:31:04 [TestNG-tests-2] INFO  tests.RegisterTest - ...Validating the title of page...
2026-03-10 18:31:04 [TestNG-tests-1] INFO  io.github.bonigarcia.wdm.WebDriverManager - Using chromedriver 145.0.7632.117 (resolved driver for Chrome 145)
2026-03-10 18:31:04 [TestNG-tests-1] INFO  io.github.bonigarcia.wdm.WebDriverManager - Exporting webdriver.chrome.driver as C:\Users\DELL\.cache\selenium\chromedriver\win64\145.0.7632.117\chromedriver.exe
2026-03-10 18:31:07 [TestNG-tests-1] INFO  tests.RegisterTest - ....Starting RegisterTest....
2026-03-10 18:31:07 [TestNG-tests-2] INFO  tests.RegisterTest - ....Starting RegisterTest....
2026-03-10 18:31:07 [TestNG-tests-1] INFO  tests.RegisterTest - ...Clicked on My Account option...
2026-03-10 18:31:07 [TestNG-tests-2] INFO  tests.RegisterTest - ...Clicked on My Account option...
2026-03-10 18:31:07 [TestNG-tests-1] INFO  tests.RegisterTest - ...Clicked on Register option...
2026-03-10 18:31:07 [TestNG-tests-1] INFO  tests.RegisterTest - ...Providing customer details...
2026-03-10 18:31:08 [TestNG-tests-2] INFO  tests.RegisterTest - ...Clicked on Register option...
2026-03-10 18:31:08 [TestNG-tests-2] INFO  tests.RegisterTest - ...Providing customer details...
2026-03-10 18:31:09 [TestNG-tests-1] INFO  tests.RegisterTest - ...Validating the title of page...
2026-03-10 18:31:09 [TestNG-tests-2] INFO  tests.RegisterTest - ...Validating the title of page...
2026-03-10 18:48:45 [TestNG-tests-1] INFO  io.github.bonigarcia.wdm.WebDriverManager - Using chromedriver 145.0.7632.117 (resolved driver for Chrome 145)
2026-03-10 18:48:45 [TestNG-tests-1] INFO  io.github.bonigarcia.wdm.WebDriverManager - Exporting webdriver.chrome.driver as C:\Users\DELL\.cache\selenium\chromedriver\win64\145.0.7632.117\chromedriver.exe
2026-03-10 18:48:47 [TestNG-tests-2] INFO  tests.RegisterTest - ....Starting RegisterTest....
2026-03-10 18:48:47 [TestNG-tests-1] INFO  tests.RegisterTest - ....Starting RegisterTest....
2026-03-10 18:48:47 [TestNG-tests-2] INFO  tests.RegisterTest - ...Clicked on My Account option...
2026-03-10 18:48:47 [TestNG-tests-1] INFO  tests.RegisterTest - ...Clicked on My Account option...
2026-03-10 18:48:48 [TestNG-tests-1] INFO  tests.RegisterTest - ...Clicked on Register option...
2026-03-10 18:48:48 [TestNG-tests-1] INFO  tests.RegisterTest - ...Providing customer details...
2026-03-10 18:48:48 [TestNG-tests-2] INFO  tests.RegisterTest - ...Clicked on Register option...
2026-03-10 18:48:48 [TestNG-tests-2] INFO  tests.RegisterTest - ...Providing customer details...
2026-03-10 18:48:49 [TestNG-tests-1] INFO  tests.RegisterTest - ...Validating the title of page...
2026-03-10 18:48:49 [TestNG-tests-1] INFO  io.github.bonigarcia.wdm.WebDriverManager - Using chromedriver 145.0.7632.117 (resolved driver for Chrome 145)
2026-03-10 18:48:50 [TestNG-tests-1] INFO  io.github.bonigarcia.wdm.WebDriverManager - Exporting webdriver.chrome.driver as C:\Users\DELL\.cache\selenium\chromedriver\win64\145.0.7632.117\chromedriver.exe
2026-03-10 18:48:51 [TestNG-tests-1] INFO  tests.RegisterTest - ....Starting RegisterTest....
2026-03-10 18:48:52 [TestNG-tests-1] INFO  tests.RegisterTest - ...Clicked on My Account option...
2026-03-10 18:48:52 [TestNG-tests-1] INFO  tests.RegisterTest - ...Clicked on Register option...
2026-03-10 18:48:52 [TestNG-tests-1] INFO  tests.RegisterTest - ...Providing customer details...
2026-03-10 18:48:53 [TestNG-tests-2] INFO  tests.RegisterTest - ...Validating the title of page...
2026-03-10 18:48:55 [TestNG-tests-1] INFO  tests.RegisterTest - ...Validating the title of page...
2026-03-10 18:48:55 [TestNG-tests-2] INFO  tests.RegisterTest - ....Starting RegisterTest....
2026-03-10 18:48:55 [TestNG-tests-2] INFO  tests.RegisterTest - ...Clicked on My Account option...
2026-03-10 18:48:56 [TestNG-tests-2] INFO  tests.RegisterTest - ...Clicked on Register option...
2026-03-10 18:48:56 [TestNG-tests-2] INFO  tests.RegisterTest - ...Providing customer details...
2026-03-10 18:49:00 [TestNG-tests-2] INFO  tests.RegisterTest - ...Validating the title of page...
2026-03-10 18:51:10 [TestNG-tests-1] INFO  io.github.bonigarcia.wdm.WebDriverManager - Using chromedriver 145.0.7632.117 (resolved driver for Chrome 145)
2026-03-10 18:51:10 [TestNG-tests-1] INFO  io.github.bonigarcia.wdm.WebDriverManager - Exporting webdriver.chrome.driver as C:\Users\DELL\.cache\selenium\chromedriver\win64\145.0.7632.117\chromedriver.exe
2026-03-10 18:51:13 [TestNG-tests-1] INFO  tests.RegisterTest - ....Starting RegisterTest....
2026-03-10 18:51:13 [TestNG-tests-2] INFO  tests.RegisterTest - ....Starting RegisterTest....
2026-03-10 18:51:13 [TestNG-tests-1] INFO  tests.RegisterTest - ...Clicked on My Account option...
2026-03-10 18:51:13 [TestNG-tests-2] INFO  tests.RegisterTest - ...Clicked on My Account option...
2026-03-10 18:51:13 [TestNG-tests-1] INFO  tests.RegisterTest - ...Clicked on Register option...
2026-03-10 18:51:13 [TestNG-tests-1] INFO  tests.RegisterTest - ...Providing customer details...
2026-03-10 18:51:14 [TestNG-tests-2] INFO  tests.RegisterTest - ...Clicked on Register option...
2026-03-10 18:51:14 [TestNG-tests-2] INFO  tests.RegisterTest - ...Providing customer details...
2026-03-10 18:51:18 [TestNG-tests-1] INFO  tests.RegisterTest - ...Validating the title of page...
2026-03-10 18:51:18 [TestNG-tests-1] INFO  io.github.bonigarcia.wdm.WebDriverManager - Using chromedriver 145.0.7632.117 (resolved driver for Chrome 145)
2026-03-10 18:51:18 [TestNG-tests-1] INFO  io.github.bonigarcia.wdm.WebDriverManager - Exporting webdriver.chrome.driver as C:\Users\DELL\.cache\selenium\chromedriver\win64\145.0.7632.117\chromedriver.exe
2026-03-10 18:51:19 [TestNG-tests-2] INFO  tests.RegisterTest - ...Validating the title of page...
2026-03-10 18:51:20 [TestNG-tests-1] INFO  tests.RegisterTest - ....Starting RegisterTest....
2026-03-10 18:51:20 [TestNG-tests-1] INFO  tests.RegisterTest - ...Clicked on My Account option...
2026-03-10 18:51:21 [TestNG-tests-1] INFO  tests.RegisterTest - ...Clicked on Register option...
2026-03-10 18:51:21 [TestNG-tests-1] INFO  tests.RegisterTest - ...Providing customer details...
2026-03-10 18:51:22 [TestNG-tests-2] INFO  tests.RegisterTest - ....Starting RegisterTest....
2026-03-10 18:51:22 [TestNG-tests-2] INFO  tests.RegisterTest - ...Clicked on My Account option...
2026-03-10 18:51:22 [TestNG-tests-2] INFO  tests.RegisterTest - ...Clicked on Register option...
2026-03-10 18:51:22 [TestNG-tests-2] INFO  tests.RegisterTest - ...Providing customer details...
2026-03-10 18:51:24 [TestNG-tests-2] INFO  tests.RegisterTest - ...Validating the title of page...
2026-03-10 18:51:26 [TestNG-tests-1] INFO  tests.RegisterTest - ...Validating the title of page...
2026-03-10 18:55:13 [TestNG-tests-1] INFO  io.github.bonigarcia.wdm.WebDriverManager - Using chromedriver 145.0.7632.117 (resolved driver for Chrome 145)
2026-03-10 18:55:13 [TestNG-tests-1] INFO  io.github.bonigarcia.wdm.WebDriverManager - Exporting webdriver.chrome.driver as C:\Users\DELL\.cache\selenium\chromedriver\win64\145.0.7632.117\chromedriver.exe
2026-03-10 18:55:16 [TestNG-tests-2] INFO  tests.RegisterTest - ....Starting RegisterTest....
2026-03-10 18:55:16 [TestNG-tests-1] INFO  tests.RegisterTest - ....Starting RegisterTest....
2026-03-10 18:55:16 [TestNG-tests-2] INFO  tests.RegisterTest - ...Clicked on My Account option...
2026-03-10 18:55:16 [TestNG-tests-1] INFO  tests.RegisterTest - ...Clicked on My Account option...
2026-03-10 18:55:17 [TestNG-tests-1] INFO  tests.RegisterTest - ...Clicked on Register option...
2026-03-10 18:55:17 [TestNG-tests-1] INFO  tests.RegisterTest - ...Providing customer details...
2026-03-10 18:55:17 [TestNG-tests-2] INFO  tests.RegisterTest - ...Clicked on Register option...
2026-03-10 18:55:17 [TestNG-tests-2] INFO  tests.RegisterTest - ...Providing customer details...
2026-03-10 18:55:21 [TestNG-tests-2] INFO  tests.RegisterTest - ...Validating the title of page...
2026-03-10 18:55:21 [TestNG-tests-1] INFO  tests.RegisterTest - ...Validating the title of page...
2026-03-10 18:55:21 [TestNG-tests-1] INFO  io.github.bonigarcia.wdm.WebDriverManager - Using chromedriver 145.0.7632.117 (resolved driver for Chrome 145)
2026-03-10 18:55:21 [TestNG-tests-1] INFO  io.github.bonigarcia.wdm.WebDriverManager - Exporting webdriver.chrome.driver as C:\Users\DELL\.cache\selenium\chromedriver\win64\145.0.7632.117\chromedriver.exe
2026-03-10 18:55:24 [TestNG-tests-2] INFO  tests.RegisterTest - ....Starting RegisterTest....
2026-03-10 18:55:24 [TestNG-tests-1] INFO  tests.RegisterTest - ....Starting RegisterTest....
2026-03-10 18:55:24 [TestNG-tests-2] INFO  tests.RegisterTest - ...Clicked on My Account option...
2026-03-10 18:55:24 [TestNG-tests-1] INFO  tests.RegisterTest - ...Clicked on My Account option...
2026-03-10 18:55:24 [TestNG-tests-1] INFO  tests.RegisterTest - ...Clicked on Register option...
2026-03-10 18:55:24 [TestNG-tests-1] INFO  tests.RegisterTest - ...Providing customer details...
2026-03-10 18:55:25 [TestNG-tests-2] INFO  tests.RegisterTest - ...Clicked on Register option...
2026-03-10 18:55:25 [TestNG-tests-2] INFO  tests.RegisterTest - ...Providing customer details...
2026-03-10 18:55:27 [TestNG-tests-2] INFO  tests.RegisterTest - ...Validating the title of page...
2026-03-10 18:55:29 [TestNG-tests-1] INFO  tests.RegisterTest - ...Validating the title of page...
2026-03-10 18:56:33 [TestNG-tests-1] INFO  io.github.bonigarcia.wdm.WebDriverManager - Using chromedriver 145.0.7632.117 (resolved driver for Chrome 145)
2026-03-10 18:56:33 [TestNG-tests-1] INFO  io.github.bonigarcia.wdm.WebDriverManager - Exporting webdriver.chrome.driver as C:\Users\DELL\.cache\selenium\chromedriver\win64\145.0.7632.117\chromedriver.exe
2026-03-10 18:56:35 [TestNG-tests-1] INFO  tests.RegisterTest - ....Starting RegisterTest....
2026-03-10 18:56:35 [TestNG-tests-1] INFO  tests.RegisterTest - ...Clicked on My Account option...
2026-03-10 18:56:35 [TestNG-tests-2] INFO  tests.RegisterTest - ....Starting RegisterTest....
2026-03-10 18:56:35 [TestNG-tests-2] INFO  tests.RegisterTest - ...Clicked on My Account option...
2026-03-10 18:56:36 [TestNG-tests-1] INFO  tests.RegisterTest - ...Clicked on Register option...
2026-03-10 18:56:36 [TestNG-tests-1] INFO  tests.RegisterTest - ...Providing customer details...
2026-03-10 18:56:36 [TestNG-tests-2] INFO  tests.RegisterTest - ...Clicked on Register option...
2026-03-10 18:56:36 [TestNG-tests-2] INFO  tests.RegisterTest - ...Providing customer details...
2026-03-10 18:56:38 [TestNG-tests-1] INFO  tests.RegisterTest - ...Validating the title of page...
2026-03-10 18:56:38 [TestNG-tests-1] INFO  io.github.bonigarcia.wdm.WebDriverManager - Using chromedriver 145.0.7632.117 (resolved driver for Chrome 145)
2026-03-10 18:56:38 [TestNG-tests-1] INFO  io.github.bonigarcia.wdm.WebDriverManager - Exporting webdriver.chrome.driver as C:\Users\DELL\.cache\selenium\chromedriver\win64\145.0.7632.117\chromedriver.exe
2026-03-10 18:56:40 [TestNG-tests-1] INFO  tests.RegisterTest - ....Starting RegisterTest....
2026-03-10 18:56:40 [TestNG-tests-1] INFO  tests.RegisterTest - ...Clicked on My Account option...
2026-03-10 18:56:41 [TestNG-tests-2] INFO  tests.RegisterTest - ...Validating the title of page...
2026-03-10 18:56:41 [TestNG-tests-1] INFO  tests.RegisterTest - ...Clicked on Register option...
2026-03-10 18:56:41 [TestNG-tests-1] INFO  tests.RegisterTest - ...Providing customer details...
2026-03-10 18:56:43 [TestNG-tests-2] INFO  tests.RegisterTest - ....Starting RegisterTest....
2026-03-10 18:56:43 [TestNG-tests-2] INFO  tests.RegisterTest - ...Clicked on My Account option...
2026-03-10 18:56:43 [TestNG-tests-2] INFO  tests.RegisterTest - ...Clicked on Register option...
2026-03-10 18:56:43 [TestNG-tests-2] INFO  tests.RegisterTest - ...Providing customer details...
2026-03-10 18:56:44 [TestNG-tests-2] INFO  tests.RegisterTest - ...Validating the title of page...
2026-03-10 18:56:45 [TestNG-tests-1] INFO  tests.RegisterTest - ...Validating the title of page...
2026-03-10 18:58:03 [TestNG-tests-1] INFO  io.github.bonigarcia.wdm.WebDriverManager - Using chromedriver 145.0.7632.117 (resolved driver for Chrome 145)
2026-03-10 18:58:03 [TestNG-tests-1] INFO  io.github.bonigarcia.wdm.WebDriverManager - Exporting webdriver.chrome.driver as C:\Users\DELL\.cache\selenium\chromedriver\win64\145.0.7632.117\chromedriver.exe
2026-03-10 18:58:05 [TestNG-tests-1] INFO  tests.RegisterTest - ....Starting RegisterTest....
2026-03-10 18:58:05 [TestNG-tests-2] INFO  tests.RegisterTest - ....Starting RegisterTest....
2026-03-10 18:58:06 [TestNG-tests-1] INFO  tests.RegisterTest - ...Clicked on My Account option...
2026-03-10 18:58:06 [TestNG-tests-2] INFO  tests.RegisterTest - ...Clicked on My Account option...
2026-03-10 18:58:06 [TestNG-tests-2] INFO  tests.RegisterTest - ...Clicked on Register option...
2026-03-10 18:58:06 [TestNG-tests-2] INFO  tests.RegisterTest - ...Providing customer details...
2026-03-10 18:58:06 [TestNG-tests-1] INFO  tests.RegisterTest - ...Clicked on Register option...
2026-03-10 18:58:06 [TestNG-tests-1] INFO  tests.RegisterTest - ...Providing customer details...
2026-03-10 18:58:21 [TestNG-tests-1] INFO  tests.RegisterTest - ...Validating the title of page...
2026-03-10 18:58:21 [TestNG-tests-2] INFO  tests.RegisterTest - ...Validating the title of page...
2026-03-10 18:58:21 [TestNG-tests-1] INFO  io.github.bonigarcia.wdm.WebDriverManager - Using chromedriver 145.0.7632.117 (resolved driver for Chrome 145)
2026-03-10 18:58:21 [TestNG-tests-1] INFO  io.github.bonigarcia.wdm.WebDriverManager - Exporting webdriver.chrome.driver as C:\Users\DELL\.cache\selenium\chromedriver\win64\145.0.7632.117\chromedriver.exe
2026-03-10 18:58:23 [TestNG-tests-1] INFO  tests.RegisterTest - ....Starting RegisterTest....
2026-03-10 18:58:23 [TestNG-tests-2] INFO  tests.RegisterTest - ....Starting RegisterTest....
2026-03-10 18:58:24 [TestNG-tests-1] INFO  tests.RegisterTest - ...Clicked on My Account option...
2026-03-10 18:58:24 [TestNG-tests-2] INFO  tests.RegisterTest - ...Clicked on My Account option...
2026-03-10 18:58:24 [TestNG-tests-1] INFO  tests.RegisterTest - ...Clicked on Register option...
2026-03-10 18:58:24 [TestNG-tests-1] INFO  tests.RegisterTest - ...Providing customer details...
2026-03-10 18:58:24 [TestNG-tests-2] INFO  tests.RegisterTest - ...Clicked on Register option...
2026-03-10 18:58:24 [TestNG-tests-2] INFO  tests.RegisterTest - ...Providing customer details...
2026-03-10 18:58:37 [TestNG-tests-2] INFO  tests.RegisterTest - ...Validating the title of page...
2026-03-10 18:58:39 [TestNG-tests-1] INFO  tests.RegisterTest - ...Validating the title of page...
2026-03-10 19:11:07 [TestNG-tests-1] INFO  io.github.bonigarcia.wdm.WebDriverManager - Using chromedriver 145.0.7632.117 (resolved driver for Chrome 145)
2026-03-10 19:11:07 [TestNG-tests-1] INFO  io.github.bonigarcia.wdm.WebDriverManager - Exporting webdriver.chrome.driver as C:\Users\DELL\.cache\selenium\chromedriver\win64\145.0.7632.117\chromedriver.exe
2026-03-10 19:11:10 [TestNG-tests-1] INFO  tests.RegisterTest - ....Starting RegisterTest....
2026-03-10 19:11:10 [TestNG-tests-2] INFO  tests.RegisterTest - ....Starting RegisterTest....
2026-03-10 19:11:10 [TestNG-tests-2] INFO  tests.RegisterTest - ...Clicked on My Account option...
2026-03-10 19:11:10 [TestNG-tests-1] INFO  tests.RegisterTest - ...Clicked on My Account option...
2026-03-10 19:11:11 [TestNG-tests-1] INFO  tests.RegisterTest - ...Clicked on Register option...
2026-03-10 19:11:11 [TestNG-tests-1] INFO  tests.RegisterTest - ...Providing customer details...
2026-03-10 19:11:11 [TestNG-tests-2] INFO  tests.RegisterTest - ...Clicked on Register option...
2026-03-10 19:11:11 [TestNG-tests-2] INFO  tests.RegisterTest - ...Providing customer details...
2026-03-10 19:11:25 [TestNG-tests-1] INFO  tests.RegisterTest - ...Validating the title of page...
2026-03-10 19:11:25 [TestNG-tests-2] INFO  tests.RegisterTest - ...Validating the title of page...
2026-03-10 19:11:26 [TestNG-tests-1] INFO  io.github.bonigarcia.wdm.WebDriverManager - Using chromedriver 145.0.7632.117 (resolved driver for Chrome 145)
2026-03-10 19:11:26 [TestNG-tests-1] INFO  io.github.bonigarcia.wdm.WebDriverManager - Exporting webdriver.chrome.driver as C:\Users\DELL\.cache\selenium\chromedriver\win64\145.0.7632.117\chromedriver.exe
2026-03-10 19:11:28 [TestNG-tests-1] INFO  tests.RegisterTest - ....Starting RegisterTest....
2026-03-10 19:11:28 [TestNG-tests-1] INFO  tests.RegisterTest - ...Clicked on My Account option...
2026-03-10 19:11:28 [TestNG-tests-2] INFO  tests.RegisterTest - ....Starting RegisterTest....
2026-03-10 19:11:28 [TestNG-tests-2] INFO  tests.RegisterTest - ...Clicked on My Account option...
2026-03-10 19:11:29 [TestNG-tests-1] INFO  tests.RegisterTest - ...Clicked on Register option...
2026-03-10 19:11:29 [TestNG-tests-1] INFO  tests.RegisterTest - ...Providing customer details...
2026-03-10 19:11:29 [TestNG-tests-2] INFO  tests.RegisterTest - ...Clicked on Register option...
2026-03-10 19:11:29 [TestNG-tests-2] INFO  tests.RegisterTest - ...Providing customer details...
2026-03-10 19:11:43 [TestNG-tests-1] INFO  tests.RegisterTest - ...Validating the title of page...
2026-03-10 19:11:44 [TestNG-tests-2] INFO  tests.RegisterTest - ...Validating the title of page...
